// Jest Snapshot v1, https://goo.gl/fbAQLP

exports[`Dropout should fail when user is not an ObjectId 1`] = `
Object {
  "user": [CastError: Cast to ObjectID failed for value "user._id" at path "user"],
}
`;
